>>> add_integer = __import__('0-add_integer').add_integer

>>> add_integer(1, 2)
3
>>> add_integer(100, -2)
98
>>> add_integer(2)
100
>>> add_integer(100.3, -2)
98
>>> add_integer(100.9, 1)
101
>>> add_integer(-5, -3)
-8
>>> add_integer(0, 0)
0
>>> add_integer(0)
98
>>> add_integer(3.0, 4.0)
7
>>> add_integer(5.7, 2.9)
7
>>> add_integer("hello", 2)
Traceback (most recent call last):
...
TypeError: a must be an integer
>>> add_integer(1, "world")
Traceback (most recent call last):
...
TypeError: b must be an integer
>>> add_integer(None, 5)
Traceback (most recent call last):
...
TypeError: a must be an integer
>>> add_integer([1, 2], 3)
Traceback (most recent call last):
...
TypeError: a must be an integer
>>> add_integer(1, None)
Traceback (most recent call last):
...
TypeError: b must be an integer
>>> add_integer(float('nan'), 1)
Traceback (most recent call last):
...
TypeError: a must be an integer
>>> add_integer(1, float('nan'))
Traceback (most recent call last):
...
TypeError: b must be an integer